// Jest Snapshot v1, https://goo.gl/fbAQLP

exports[`BrandList component should render properly BrandList renders correctly snapshot test 1`] = `
<main>
  <div
    className="MuiBox-root css-10m0cap"
  >
    <div
      className="MuiContainer-root MuiContainer-maxWidthMd css-xdmu94-MuiContainer-root"
    >
      <h1
        className="MuiTypography-root MuiTypography-h2 MuiTypography-alignCenter MuiTypography-gutterBottom css-10759ka-MuiTypography-root"
      >
        Select Your Car Brand Below
      </h1>
      <div
        className="MuiFormControl-root MuiFormControl-fullWidth MuiTextField-root css-wb57ya-MuiFormControl-root-MuiTextField-root"
        data-testid="search-box"
      >
        <label
          className="MuiInputLabel-root MuiInputLabel-formControl MuiInputLabel-animated MuiInputLabel-outlined MuiFormLabel-root MuiFormLabel-colorPrimary css-14s5rfu-MuiFormLabel-root-MuiInputLabel-root"
          data-shrink={false}
        >
          Search your car here
        </label>
        <div
          className="MuiOutlinedInput-root MuiInputBase-root MuiInputBase-colorPrimary MuiInputBase-fullWidth MuiInputBase-formControl css-md26zr-MuiInputBase-root-MuiOutlinedInput-root"
          onClick={[Function]}
        >
          <input
            aria-invalid={false}
            autoFocus={false}
            className="MuiOutlinedInput-input MuiInputBase-input css-1t8l2tu-MuiInputBase-input-MuiOutlinedInput-input"
            disabled={false}
            onAnimationStart={[Function]}
            onBlur={[Function]}
            onChange={[Function]}
            onFocus={[Function]}
            required={false}
            type="text"
            value=""
          />
          <fieldset
            aria-hidden={true}
            className="MuiOutlinedInput-notchedOutline css-1d3z3hw-MuiOutlinedInput-notchedOutline"
          >
            <legend
              className="css-173wfxe"
            >
              <span>
                Search your car here
              </span>
            </legend>
          </fieldset>
        </div>
      </div>
    </div>
  </div>
  <div
    className="MuiContainer-root MuiContainer-maxWidthLg css-tj4w3q-MuiContainer-root"
    data-testid="car-detail-container"
  >
    <div
      className="MuiGrid-root MuiGrid-container MuiGrid-spacing-xs-2 css-mhc70k-MuiGrid-root"
    >
      <div
        className="MuiGrid-root MuiGrid-item MuiGrid-grid-xs-12 MuiGrid-grid-md-4 css-17dw2p9-MuiGrid-root"
        data-testid="car-detail-itemAgera"
      >
        <div
          className="MuiPaper-root MuiPaper-elevation MuiPaper-rounded MuiPaper-elevation1 MuiCard-root css-16vq84g-MuiPaper-root-MuiCard-root"
        >
          <span
            className="MuiSkeleton-root MuiSkeleton-rectangular MuiSkeleton-pulse css-58ftfq-MuiSkeleton-root"
            style={
              Object {
                "height": 540,
                "width": 360,
              }
            }
          />
          <img
            alt="Agera"
            className="MuiCardMedia-root MuiCardMedia-media MuiCardMedia-img css-10k6f1j-MuiCardMedia-root"
            onLoad={[Function]}
            src="https://source.unsplash.com/xMyu5VQ4su4"
          />
          <div
            className="MuiCardContent-root css-2r3irp-MuiCardContent-root"
          >
            <h2
              className="MuiTypography-root MuiTypography-h5 MuiTypography-gutterBottom css-1u905bv-MuiTypography-root"
            >
              Agera
            </h2>
          </div>
          <div
            className="MuiCardActions-root MuiCardActions-spacing css-1t6e9jv-MuiCardActions-root"
          >
            <button
              className="MuiButton-root MuiButton-text MuiButton-textPrimary MuiButton-sizeSmall MuiButton-textSizeSmall MuiButtonBase-root  css-1knaqv7-MuiButtonBase-root-MuiButton-root"
              disabled={false}
              onBlur={[Function]}
              onClick={[Function]}
              onContextMenu={[Function]}
              onDragLeave={[Function]}
              onFocus={[Function]}
              onKeyDown={[Function]}
              onKeyUp={[Function]}
              onMouseDown={[Function]}
              onMouseLeave={[Function]}
              onMouseUp={[Function]}
              onTouchEnd={[Function]}
              onTouchMove={[Function]}
              onTouchStart={[Function]}
              tabIndex={0}
              type="button"
            >
              View All The Cars From Agera
              <svg
                aria-hidden={true}
                className="MuiSvgIcon-root MuiSvgIcon-fontSizeLarge css-mevtxu-MuiSvgIcon-root"
                data-testid="NavigateNextIcon"
                focusable="false"
                viewBox="0 0 24 24"
              >
                <path
                  d="M10 6 8.59 7.41 13.17 12l-4.58 4.59L10 18l6-6z"
                />
              </svg>
            </button>
          </div>
        </div>
      </div>
      <div
        className="MuiGrid-root MuiGrid-item MuiGrid-grid-xs-12 MuiGrid-grid-md-4 css-17dw2p9-MuiGrid-root"
        data-testid="car-detail-itemAudi"
      >
        <div
          className="MuiPaper-root MuiPaper-elevation MuiPaper-rounded MuiPaper-elevation1 MuiCard-root css-16vq84g-MuiPaper-root-MuiCard-root"
        >
          <span
            className="MuiSkeleton-root MuiSkeleton-rectangular MuiSkeleton-pulse css-58ftfq-MuiSkeleton-root"
            style={
              Object {
                "height": 540,
                "width": 360,
              }
            }
          />
          <img
            alt="Audi"
            className="MuiCardMedia-root MuiCardMedia-media MuiCardMedia-img css-10k6f1j-MuiCardMedia-root"
            onLoad={[Function]}
            src="https://source.unsplash.com/7lGiQDLnkUs"
          />
          <div
            className="MuiCardContent-root css-2r3irp-MuiCardContent-root"
          >
            <h2
              className="MuiTypography-root MuiTypography-h5 MuiTypography-gutterBottom css-1u905bv-MuiTypography-root"
            >
              Audi
            </h2>
          </div>
          <div
            className="MuiCardActions-root MuiCardActions-spacing css-1t6e9jv-MuiCardActions-root"
          >
            <button
              className="MuiButton-root MuiButton-text MuiButton-textPrimary MuiButton-sizeSmall MuiButton-textSizeSmall MuiButtonBase-root  css-1knaqv7-MuiButtonBase-root-MuiButton-root"
              disabled={false}
              onBlur={[Function]}
              onClick={[Function]}
              onContextMenu={[Function]}
              onDragLeave={[Function]}
              onFocus={[Function]}
              onKeyDown={[Function]}
              onKeyUp={[Function]}
              onMouseDown={[Function]}
              onMouseLeave={[Function]}
              onMouseUp={[Function]}
              onTouchEnd={[Function]}
              onTouchMove={[Function]}
              onTouchStart={[Function]}
              tabIndex={0}
              type="button"
            >
              View All The Cars From Audi
              <svg
                aria-hidden={true}
                className="MuiSvgIcon-root MuiSvgIcon-fontSizeLarge css-mevtxu-MuiSvgIcon-root"
                data-testid="NavigateNextIcon"
                focusable="false"
                viewBox="0 0 24 24"
              >
                <path
                  d="M10 6 8.59 7.41 13.17 12l-4.58 4.59L10 18l6-6z"
                />
              </svg>
            </button>
          </div>
        </div>
      </div>
      <div
        className="MuiGrid-root MuiGrid-item MuiGrid-grid-xs-12 MuiGrid-grid-md-4 css-17dw2p9-MuiGrid-root"
        data-testid="car-detail-itemBentley"
      >
        <div
          className="MuiPaper-root MuiPaper-elevation MuiPaper-rounded MuiPaper-elevation1 MuiCard-root css-16vq84g-MuiPaper-root-MuiCard-root"
        >
          <span
            className="MuiSkeleton-root MuiSkeleton-rectangular MuiSkeleton-pulse css-58ftfq-MuiSkeleton-root"
            style={
              Object {
                "height": 540,
                "width": 360,
              }
            }
          />
          <img
            alt="Bentley"
            className="MuiCardMedia-root MuiCardMedia-media MuiCardMedia-img css-10k6f1j-MuiCardMedia-root"
            onLoad={[Function]}
            src="https://source.unsplash.com/mUYlnOev7xc"
          />
          <div
            className="MuiCardContent-root css-2r3irp-MuiCardContent-root"
          >
            <h2
              className="MuiTypography-root MuiTypography-h5 MuiTypography-gutterBottom css-1u905bv-MuiTypography-root"
            >
              Bentley
            </h2>
          </div>
          <div
            className="MuiCardActions-root MuiCardActions-spacing css-1t6e9jv-MuiCardActions-root"
          >
            <button
              className="MuiButton-root MuiButton-text MuiButton-textPrimary MuiButton-sizeSmall MuiButton-textSizeSmall MuiButtonBase-root  css-1knaqv7-MuiButtonBase-root-MuiButton-root"
              disabled={false}
              onBlur={[Function]}
              onClick={[Function]}
              onContextMenu={[Function]}
              onDragLeave={[Function]}
              onFocus={[Function]}
              onKeyDown={[Function]}
              onKeyUp={[Function]}
              onMouseDown={[Function]}
              onMouseLeave={[Function]}
              onMouseUp={[Function]}
              onTouchEnd={[Function]}
              onTouchMove={[Function]}
              onTouchStart={[Function]}
              tabIndex={0}
              type="button"
            >
              View All The Cars From Bentley
              <svg
                aria-hidden={true}
                className="MuiSvgIcon-root MuiSvgIcon-fontSizeLarge css-mevtxu-MuiSvgIcon-root"
                data-testid="NavigateNextIcon"
                focusable="false"
                viewBox="0 0 24 24"
              >
                <path
                  d="M10 6 8.59 7.41 13.17 12l-4.58 4.59L10 18l6-6z"
                />
              </svg>
            </button>
          </div>
        </div>
      </div>
      <div
        className="MuiGrid-root MuiGrid-item MuiGrid-grid-xs-12 MuiGrid-grid-md-4 css-17dw2p9-MuiGrid-root"
        data-testid="car-detail-itemBMW"
      >
        <div
          className="MuiPaper-root MuiPaper-elevation MuiPaper-rounded MuiPaper-elevation1 MuiCard-root css-16vq84g-MuiPaper-root-MuiCard-root"
        >
          <span
            className="MuiSkeleton-root MuiSkeleton-rectangular MuiSkeleton-pulse css-58ftfq-MuiSkeleton-root"
            style={
              Object {
                "height": 540,
                "width": 360,
              }
            }
          />
          <img
            alt="BMW"
            className="MuiCardMedia-root MuiCardMedia-media MuiCardMedia-img css-10k6f1j-MuiCardMedia-root"
            onLoad={[Function]}
            src="https://source.unsplash.com/w77TcvuhtWE"
          />
          <div
            className="MuiCardContent-root css-2r3irp-MuiCardContent-root"
          >
            <h2
              className="MuiTypography-root MuiTypography-h5 MuiTypography-gutterBottom css-1u905bv-MuiTypography-root"
            >
              BMW
            </h2>
          </div>
          <div
            className="MuiCardActions-root MuiCardActions-spacing css-1t6e9jv-MuiCardActions-root"
          >
            <button
              className="MuiButton-root MuiButton-text MuiButton-textPrimary MuiButton-sizeSmall MuiButton-textSizeSmall MuiButtonBase-root  css-1knaqv7-MuiButtonBase-root-MuiButton-root"
              disabled={false}
              onBlur={[Function]}
              onClick={[Function]}
              onContextMenu={[Function]}
              onDragLeave={[Function]}
              onFocus={[Function]}
              onKeyDown={[Function]}
              onKeyUp={[Function]}
              onMouseDown={[Function]}
              onMouseLeave={[Function]}
              onMouseUp={[Function]}
              onTouchEnd={[Function]}
              onTouchMove={[Function]}
              onTouchStart={[Function]}
              tabIndex={0}
              type="button"
            >
              View All The Cars From BMW
              <svg
                aria-hidden={true}
                className="MuiSvgIcon-root MuiSvgIcon-fontSizeLarge css-mevtxu-MuiSvgIcon-root"
                data-testid="NavigateNextIcon"
                focusable="false"
                viewBox="0 0 24 24"
              >
                <path
                  d="M10 6 8.59 7.41 13.17 12l-4.58 4.59L10 18l6-6z"
                />
              </svg>
            </button>
          </div>
        </div>
      </div>
      <div
        className="MuiGrid-root MuiGrid-item MuiGrid-grid-xs-12 MuiGrid-grid-md-4 css-17dw2p9-MuiGrid-root"
        data-testid="car-detail-itemFerrari"
      >
        <div
          className="MuiPaper-root MuiPaper-elevation MuiPaper-rounded MuiPaper-elevation1 MuiCard-root css-16vq84g-MuiPaper-root-MuiCard-root"
        >
          <span
            className="MuiSkeleton-root MuiSkeleton-rectangular MuiSkeleton-pulse css-58ftfq-MuiSkeleton-root"
            style={
              Object {
                "height": 540,
                "width": 360,
              }
            }
          />
          <img
            alt="Ferrari"
            className="MuiCardMedia-root MuiCardMedia-media MuiCardMedia-img css-10k6f1j-MuiCardMedia-root"
            onLoad={[Function]}
            src="https://source.unsplash.com/3akA0XDg1_g"
          />
          <div
            className="MuiCardContent-root css-2r3irp-MuiCardContent-root"
          >
            <h2
              className="MuiTypography-root MuiTypography-h5 MuiTypography-gutterBottom css-1u905bv-MuiTypography-root"
            >
              Ferrari
            </h2>
          </div>
          <div
            className="MuiCardActions-root MuiCardActions-spacing css-1t6e9jv-MuiCardActions-root"
          >
            <button
              className="MuiButton-root MuiButton-text MuiButton-textPrimary MuiButton-sizeSmall MuiButton-textSizeSmall MuiButtonBase-root  css-1knaqv7-MuiButtonBase-root-MuiButton-root"
              disabled={false}
              onBlur={[Function]}
              onClick={[Function]}
              onContextMenu={[Function]}
              onDragLeave={[Function]}
              onFocus={[Function]}
              onKeyDown={[Function]}
              onKeyUp={[Function]}
              onMouseDown={[Function]}
              onMouseLeave={[Function]}
              onMouseUp={[Function]}
              onTouchEnd={[Function]}
              onTouchMove={[Function]}
              onTouchStart={[Function]}
              tabIndex={0}
              type="button"
            >
              View All The Cars From Ferrari
              <svg
                aria-hidden={true}
                className="MuiSvgIcon-root MuiSvgIcon-fontSizeLarge css-mevtxu-MuiSvgIcon-root"
                data-testid="NavigateNextIcon"
                focusable="false"
                viewBox="0 0 24 24"
              >
                <path
                  d="M10 6 8.59 7.41 13.17 12l-4.58 4.59L10 18l6-6z"
                />
              </svg>
            </button>
          </div>
        </div>
      </div>
      <div
        className="MuiGrid-root MuiGrid-item MuiGrid-grid-xs-12 MuiGrid-grid-md-4 css-17dw2p9-MuiGrid-root"
        data-testid="car-detail-itemFord"
      >
        <div
          className="MuiPaper-root MuiPaper-elevation MuiPaper-rounded MuiPaper-elevation1 MuiCard-root css-16vq84g-MuiPaper-root-MuiCard-root"
        >
          <span
            className="MuiSkeleton-root MuiSkeleton-rectangular MuiSkeleton-pulse css-58ftfq-MuiSkeleton-root"
            style={
              Object {
                "height": 540,
                "width": 360,
              }
            }
          />
          <img
            alt="Ford"
            className="MuiCardMedia-root MuiCardMedia-media MuiCardMedia-img css-10k6f1j-MuiCardMedia-root"
            onLoad={[Function]}
            src="https://source.unsplash.com/lX2YG5w4_gs"
          />
          <div
            className="MuiCardContent-root css-2r3irp-MuiCardContent-root"
          >
            <h2
              className="MuiTypography-root MuiTypography-h5 MuiTypography-gutterBottom css-1u905bv-MuiTypography-root"
            >
              Ford
            </h2>
          </div>
          <div
            className="MuiCardActions-root MuiCardActions-spacing css-1t6e9jv-MuiCardActions-root"
          >
            <button
              className="MuiButton-root MuiButton-text MuiButton-textPrimary MuiButton-sizeSmall MuiButton-textSizeSmall MuiButtonBase-root  css-1knaqv7-MuiButtonBase-root-MuiButton-root"
              disabled={false}
              onBlur={[Function]}
              onClick={[Function]}
              onContextMenu={[Function]}
              onDragLeave={[Function]}
              onFocus={[Function]}
              onKeyDown={[Function]}
              onKeyUp={[Function]}
              onMouseDown={[Function]}
              onMouseLeave={[Function]}
              onMouseUp={[Function]}
              onTouchEnd={[Function]}
              onTouchMove={[Function]}
              onTouchStart={[Function]}
              tabIndex={0}
              type="button"
            >
              View All The Cars From Ford
              <svg
                aria-hidden={true}
                className="MuiSvgIcon-root MuiSvgIcon-fontSizeLarge css-mevtxu-MuiSvgIcon-root"
                data-testid="NavigateNextIcon"
                focusable="false"
                viewBox="0 0 24 24"
              >
                <path
                  d="M10 6 8.59 7.41 13.17 12l-4.58 4.59L10 18l6-6z"
                />
              </svg>
            </button>
          </div>
        </div>
      </div>
      <div
        className="MuiGrid-root MuiGrid-item MuiGrid-grid-xs-12 MuiGrid-grid-md-4 css-17dw2p9-MuiGrid-root"
        data-testid="car-detail-itemGTR"
      >
        <div
          className="MuiPaper-root MuiPaper-elevation MuiPaper-rounded MuiPaper-elevation1 MuiCard-root css-16vq84g-MuiPaper-root-MuiCard-root"
        >
          <span
            className="MuiSkeleton-root MuiSkeleton-rectangular MuiSkeleton-pulse css-58ftfq-MuiSkeleton-root"
            style={
              Object {
                "height": 540,
                "width": 360,
              }
            }
          />
          <img
            alt="GTR"
            className="MuiCardMedia-root MuiCardMedia-media MuiCardMedia-img css-10k6f1j-MuiCardMedia-root"
            onLoad={[Function]}
            src="https://source.unsplash.com/keBp2WcK86U"
          />
          <div
            className="MuiCardContent-root css-2r3irp-MuiCardContent-root"
          >
            <h2
              className="MuiTypography-root MuiTypography-h5 MuiTypography-gutterBottom css-1u905bv-MuiTypography-root"
            >
              GTR
            </h2>
          </div>
          <div
            className="MuiCardActions-root MuiCardActions-spacing css-1t6e9jv-MuiCardActions-root"
          >
            <button
              className="MuiButton-root MuiButton-text MuiButton-textPrimary MuiButton-sizeSmall MuiButton-textSizeSmall MuiButtonBase-root  css-1knaqv7-MuiButtonBase-root-MuiButton-root"
              disabled={false}
              onBlur={[Function]}
              onClick={[Function]}
              onContextMenu={[Function]}
              onDragLeave={[Function]}
              onFocus={[Function]}
              onKeyDown={[Function]}
              onKeyUp={[Function]}
              onMouseDown={[Function]}
              onMouseLeave={[Function]}
              onMouseUp={[Function]}
              onTouchEnd={[Function]}
              onTouchMove={[Function]}
              onTouchStart={[Function]}
              tabIndex={0}
              type="button"
            >
              View All The Cars From GTR
              <svg
                aria-hidden={true}
                className="MuiSvgIcon-root MuiSvgIcon-fontSizeLarge css-mevtxu-MuiSvgIcon-root"
                data-testid="NavigateNextIcon"
                focusable="false"
                viewBox="0 0 24 24"
              >
                <path
                  d="M10 6 8.59 7.41 13.17 12l-4.58 4.59L10 18l6-6z"
                />
              </svg>
            </button>
          </div>
        </div>
      </div>
      <div
        className="MuiGrid-root MuiGrid-item MuiGrid-grid-xs-12 MuiGrid-grid-md-4 css-17dw2p9-MuiGrid-root"
        data-testid="car-detail-itemHummer"
      >
        <div
          className="MuiPaper-root MuiPaper-elevation MuiPaper-rounded MuiPaper-elevation1 MuiCard-root css-16vq84g-MuiPaper-root-MuiCard-root"
        >
          <span
            className="MuiSkeleton-root MuiSkeleton-rectangular MuiSkeleton-pulse css-58ftfq-MuiSkeleton-root"
            style={
              Object {
                "height": 540,
                "width": 360,
              }
            }
          />
          <img
            alt="Hummer"
            className="MuiCardMedia-root MuiCardMedia-media MuiCardMedia-img css-10k6f1j-MuiCardMedia-root"
            onLoad={[Function]}
            src="https://source.unsplash.com/G3_yUJQTYVA"
          />
          <div
            className="MuiCardContent-root css-2r3irp-MuiCardContent-root"
          >
            <h2
              className="MuiTypography-root MuiTypography-h5 MuiTypography-gutterBottom css-1u905bv-MuiTypography-root"
            >
              Hummer
            </h2>
          </div>
          <div
            className="MuiCardActions-root MuiCardActions-spacing css-1t6e9jv-MuiCardActions-root"
          >
            <button
              className="MuiButton-root MuiButton-text MuiButton-textPrimary MuiButton-sizeSmall MuiButton-textSizeSmall MuiButtonBase-root  css-1knaqv7-MuiButtonBase-root-MuiButton-root"
              disabled={false}
              onBlur={[Function]}
              onClick={[Function]}
              onContextMenu={[Function]}
              onDragLeave={[Function]}
              onFocus={[Function]}
              onKeyDown={[Function]}
              onKeyUp={[Function]}
              onMouseDown={[Function]}
              onMouseLeave={[Function]}
              onMouseUp={[Function]}
              onTouchEnd={[Function]}
              onTouchMove={[Function]}
              onTouchStart={[Function]}
              tabIndex={0}
              type="button"
            >
              View All The Cars From Hummer
              <svg
                aria-hidden={true}
                className="MuiSvgIcon-root MuiSvgIcon-fontSizeLarge css-mevtxu-MuiSvgIcon-root"
                data-testid="NavigateNextIcon"
                focusable="false"
                viewBox="0 0 24 24"
              >
                <path
                  d="M10 6 8.59 7.41 13.17 12l-4.58 4.59L10 18l6-6z"
                />
              </svg>
            </button>
          </div>
        </div>
      </div>
      <div
        className="MuiGrid-root MuiGrid-item MuiGrid-grid-xs-12 MuiGrid-grid-md-4 css-17dw2p9-MuiGrid-root"
        data-testid="car-detail-itemJaguar"
      >
        <div
          className="MuiPaper-root MuiPaper-elevation MuiPaper-rounded MuiPaper-elevation1 MuiCard-root css-16vq84g-MuiPaper-root-MuiCard-root"
        >
          <span
            className="MuiSkeleton-root MuiSkeleton-rectangular MuiSkeleton-pulse css-58ftfq-MuiSkeleton-root"
            style={
              Object {
                "height": 540,
                "width": 360,
              }
            }
          />
          <img
            alt="Jaguar"
            className="MuiCardMedia-root MuiCardMedia-media MuiCardMedia-img css-10k6f1j-MuiCardMedia-root"
            onLoad={[Function]}
            src="https://source.unsplash.com/7tfu2dq8Ljk"
          />
          <div
            className="MuiCardContent-root css-2r3irp-MuiCardContent-root"
          >
            <h2
              className="MuiTypography-root MuiTypography-h5 MuiTypography-gutterBottom css-1u905bv-MuiTypography-root"
            >
              Jaguar
            </h2>
          </div>
          <div
            className="MuiCardActions-root MuiCardActions-spacing css-1t6e9jv-MuiCardActions-root"
          >
            <button
              className="MuiButton-root MuiButton-text MuiButton-textPrimary MuiButton-sizeSmall MuiButton-textSizeSmall MuiButtonBase-root  css-1knaqv7-MuiButtonBase-root-MuiButton-root"
              disabled={false}
              onBlur={[Function]}
              onClick={[Function]}
              onContextMenu={[Function]}
              onDragLeave={[Function]}
              onFocus={[Function]}
              onKeyDown={[Function]}
              onKeyUp={[Function]}
              onMouseDown={[Function]}
              onMouseLeave={[Function]}
              onMouseUp={[Function]}
              onTouchEnd={[Function]}
              onTouchMove={[Function]}
              onTouchStart={[Function]}
              tabIndex={0}
              type="button"
            >
              View All The Cars From Jaguar
              <svg
                aria-hidden={true}
                className="MuiSvgIcon-root MuiSvgIcon-fontSizeLarge css-mevtxu-MuiSvgIcon-root"
                data-testid="NavigateNextIcon"
                focusable="false"
                viewBox="0 0 24 24"
              >
                <path
                  d="M10 6 8.59 7.41 13.17 12l-4.58 4.59L10 18l6-6z"
                />
              </svg>
            </button>
          </div>
        </div>
      </div>
      <div
        className="MuiGrid-root MuiGrid-item MuiGrid-grid-xs-12 MuiGrid-grid-md-4 css-17dw2p9-MuiGrid-root"
        data-testid="car-detail-itemLamborghini"
      >
        <div
          className="MuiPaper-root MuiPaper-elevation MuiPaper-rounded MuiPaper-elevation1 MuiCard-root css-16vq84g-MuiPaper-root-MuiCard-root"
        >
          <span
            className="MuiSkeleton-root MuiSkeleton-rectangular MuiSkeleton-pulse css-58ftfq-MuiSkeleton-root"
            style={
              Object {
                "height": 540,
                "width": 360,
              }
            }
          />
          <img
            alt="Lamborghini"
            className="MuiCardMedia-root MuiCardMedia-media MuiCardMedia-img css-10k6f1j-MuiCardMedia-root"
            onLoad={[Function]}
            src="https://source.unsplash.com/HBop_t9V9kM"
          />
          <div
            className="MuiCardContent-root css-2r3irp-MuiCardContent-root"
          >
            <h2
              className="MuiTypography-root MuiTypography-h5 MuiTypography-gutterBottom css-1u905bv-MuiTypography-root"
            >
              Lamborghini
            </h2>
          </div>
          <div
            className="MuiCardActions-root MuiCardActions-spacing css-1t6e9jv-MuiCardActions-root"
          >
            <button
              className="MuiButton-root MuiButton-text MuiButton-textPrimary MuiButton-sizeSmall MuiButton-textSizeSmall MuiButtonBase-root  css-1knaqv7-MuiButtonBase-root-MuiButton-root"
              disabled={false}
              onBlur={[Function]}
              onClick={[Function]}
              onContextMenu={[Function]}
              onDragLeave={[Function]}
              onFocus={[Function]}
              onKeyDown={[Function]}
              onKeyUp={[Function]}
              onMouseDown={[Function]}
              onMouseLeave={[Function]}
              onMouseUp={[Function]}
              onTouchEnd={[Function]}
              onTouchMove={[Function]}
              onTouchStart={[Function]}
              tabIndex={0}
              type="button"
            >
              View All The Cars From Lamborghini
              <svg
                aria-hidden={true}
                className="MuiSvgIcon-root MuiSvgIcon-fontSizeLarge css-mevtxu-MuiSvgIcon-root"
                data-testid="NavigateNextIcon"
                focusable="false"
                viewBox="0 0 24 24"
              >
                <path
                  d="M10 6 8.59 7.41 13.17 12l-4.58 4.59L10 18l6-6z"
                />
              </svg>
            </button>
          </div>
        </div>
      </div>
      <div
        className="MuiGrid-root MuiGrid-item MuiGrid-grid-xs-12 MuiGrid-grid-md-4 css-17dw2p9-MuiGrid-root"
        data-testid="car-detail-itemMaserati"
      >
        <div
          className="MuiPaper-root MuiPaper-elevation MuiPaper-rounded MuiPaper-elevation1 MuiCard-root css-16vq84g-MuiPaper-root-MuiCard-root"
        >
          <span
            className="MuiSkeleton-root MuiSkeleton-rectangular MuiSkeleton-pulse css-58ftfq-MuiSkeleton-root"
            style={
              Object {
                "height": 540,
                "width": 360,
              }
            }
          />
          <img
            alt="Maserati"
            className="MuiCardMedia-root MuiCardMedia-media MuiCardMedia-img css-10k6f1j-MuiCardMedia-root"
            onLoad={[Function]}
            src="https://source.unsplash.com/2eMJDJM9vxk"
          />
          <div
            className="MuiCardContent-root css-2r3irp-MuiCardContent-root"
          >
            <h2
              className="MuiTypography-root MuiTypography-h5 MuiTypography-gutterBottom css-1u905bv-MuiTypography-root"
            >
              Maserati
            </h2>
          </div>
          <div
            className="MuiCardActions-root MuiCardActions-spacing css-1t6e9jv-MuiCardActions-root"
          >
            <button
              className="MuiButton-root MuiButton-text MuiButton-textPrimary MuiButton-sizeSmall MuiButton-textSizeSmall MuiButtonBase-root  css-1knaqv7-MuiButtonBase-root-MuiButton-root"
              disabled={false}
              onBlur={[Function]}
              onClick={[Function]}
              onContextMenu={[Function]}
              onDragLeave={[Function]}
              onFocus={[Function]}
              onKeyDown={[Function]}
              onKeyUp={[Function]}
              onMouseDown={[Function]}
              onMouseLeave={[Function]}
              onMouseUp={[Function]}
              onTouchEnd={[Function]}
              onTouchMove={[Function]}
              onTouchStart={[Function]}
              tabIndex={0}
              type="button"
            >
              View All The Cars From Maserati
              <svg
                aria-hidden={true}
                className="MuiSvgIcon-root MuiSvgIcon-fontSizeLarge css-mevtxu-MuiSvgIcon-root"
                data-testid="NavigateNextIcon"
                focusable="false"
                viewBox="0 0 24 24"
              >
                <path
                  d="M10 6 8.59 7.41 13.17 12l-4.58 4.59L10 18l6-6z"
                />
              </svg>
            </button>
          </div>
        </div>
      </div>
      <div
        className="MuiGrid-root MuiGrid-item MuiGrid-grid-xs-12 MuiGrid-grid-md-4 css-17dw2p9-MuiGrid-root"
        data-testid="car-detail-itemMini Cooper"
      >
        <div
          className="MuiPaper-root MuiPaper-elevation MuiPaper-rounded MuiPaper-elevation1 MuiCard-root css-16vq84g-MuiPaper-root-MuiCard-root"
        >
          <span
            className="MuiSkeleton-root MuiSkeleton-rectangular MuiSkeleton-pulse css-58ftfq-MuiSkeleton-root"
            style={
              Object {
                "height": 540,
                "width": 360,
              }
            }
          />
          <img
            alt="Mini Cooper"
            className="MuiCardMedia-root MuiCardMedia-media MuiCardMedia-img css-10k6f1j-MuiCardMedia-root"
            onLoad={[Function]}
            src="https://source.unsplash.com/oCG2nqQPLZs"
          />
          <div
            className="MuiCardContent-root css-2r3irp-MuiCardContent-root"
          >
            <h2
              className="MuiTypography-root MuiTypography-h5 MuiTypography-gutterBottom css-1u905bv-MuiTypography-root"
            >
              Mini Cooper
            </h2>
          </div>
          <div
            className="MuiCardActions-root MuiCardActions-spacing css-1t6e9jv-MuiCardActions-root"
          >
            <button
              className="MuiButton-root MuiButton-text MuiButton-textPrimary MuiButton-sizeSmall MuiButton-textSizeSmall MuiButtonBase-root  css-1knaqv7-MuiButtonBase-root-MuiButton-root"
              disabled={false}
              onBlur={[Function]}
              onClick={[Function]}
              onContextMenu={[Function]}
              onDragLeave={[Function]}
              onFocus={[Function]}
              onKeyDown={[Function]}
              onKeyUp={[Function]}
              onMouseDown={[Function]}
              onMouseLeave={[Function]}
              onMouseUp={[Function]}
              onTouchEnd={[Function]}
              onTouchMove={[Function]}
              onTouchStart={[Function]}
              tabIndex={0}
              type="button"
            >
              View All The Cars From Mini Cooper
              <svg
                aria-hidden={true}
                className="MuiSvgIcon-root MuiSvgIcon-fontSizeLarge css-mevtxu-MuiSvgIcon-root"
                data-testid="NavigateNextIcon"
                focusable="false"
                viewBox="0 0 24 24"
              >
                <path
                  d="M10 6 8.59 7.41 13.17 12l-4.58 4.59L10 18l6-6z"
                />
              </svg>
            </button>
          </div>
        </div>
      </div>
      <div
        className="MuiGrid-root MuiGrid-item MuiGrid-grid-xs-12 MuiGrid-grid-md-4 css-17dw2p9-MuiGrid-root"
        data-testid="car-detail-itemRange Rover"
      >
        <div
          className="MuiPaper-root MuiPaper-elevation MuiPaper-rounded MuiPaper-elevation1 MuiCard-root css-16vq84g-MuiPaper-root-MuiCard-root"
        >
          <span
            className="MuiSkeleton-root MuiSkeleton-rectangular MuiSkeleton-pulse css-58ftfq-MuiSkeleton-root"
            style={
              Object {
                "height": 540,
                "width": 360,
              }
            }
          />
          <img
            alt="Range Rover"
            className="MuiCardMedia-root MuiCardMedia-media MuiCardMedia-img css-10k6f1j-MuiCardMedia-root"
            onLoad={[Function]}
            src="https://source.unsplash.com/BYdnBgF5Z_M"
          />
          <div
            className="MuiCardContent-root css-2r3irp-MuiCardContent-root"
          >
            <h2
              className="MuiTypography-root MuiTypography-h5 MuiTypography-gutterBottom css-1u905bv-MuiTypography-root"
            >
              Range Rover
            </h2>
          </div>
          <div
            className="MuiCardActions-root MuiCardActions-spacing css-1t6e9jv-MuiCardActions-root"
          >
            <button
              className="MuiButton-root MuiButton-text MuiButton-textPrimary MuiButton-sizeSmall MuiButton-textSizeSmall MuiButtonBase-root  css-1knaqv7-MuiButtonBase-root-MuiButton-root"
              disabled={false}
              onBlur={[Function]}
              onClick={[Function]}
              onContextMenu={[Function]}
              onDragLeave={[Function]}
              onFocus={[Function]}
              onKeyDown={[Function]}
              onKeyUp={[Function]}
              onMouseDown={[Function]}
              onMouseLeave={[Function]}
              onMouseUp={[Function]}
              onTouchEnd={[Function]}
              onTouchMove={[Function]}
              onTouchStart={[Function]}
              tabIndex={0}
              type="button"
            >
              View All The Cars From Range Rover
              <svg
                aria-hidden={true}
                className="MuiSvgIcon-root MuiSvgIcon-fontSizeLarge css-mevtxu-MuiSvgIcon-root"
                data-testid="NavigateNextIcon"
                focusable="false"
                viewBox="0 0 24 24"
              >
                <path
                  d="M10 6 8.59 7.41 13.17 12l-4.58 4.59L10 18l6-6z"
                />
              </svg>
            </button>
          </div>
        </div>
      </div>
      <div
        className="MuiGrid-root MuiGrid-item MuiGrid-grid-xs-12 MuiGrid-grid-md-4 css-17dw2p9-MuiGrid-root"
        data-testid="car-detail-itemRolls-Royce"
      >
        <div
          className="MuiPaper-root MuiPaper-elevation MuiPaper-rounded MuiPaper-elevation1 MuiCard-root css-16vq84g-MuiPaper-root-MuiCard-root"
        >
          <span
            className="MuiSkeleton-root MuiSkeleton-rectangular MuiSkeleton-pulse css-58ftfq-MuiSkeleton-root"
            style={
              Object {
                "height": 540,
                "width": 360,
              }
            }
          />
          <img
            alt="Rolls-Royce"
            className="MuiCardMedia-root MuiCardMedia-media MuiCardMedia-img css-10k6f1j-MuiCardMedia-root"
            onLoad={[Function]}
            src="https://source.unsplash.com/wx-XBLK1bWA"
          />
          <div
            className="MuiCardContent-root css-2r3irp-MuiCardContent-root"
          >
            <h2
              className="MuiTypography-root MuiTypography-h5 MuiTypography-gutterBottom css-1u905bv-MuiTypography-root"
            >
              Rolls-Royce
            </h2>
          </div>
          <div
            className="MuiCardActions-root MuiCardActions-spacing css-1t6e9jv-MuiCardActions-root"
          >
            <button
              className="MuiButton-root MuiButton-text MuiButton-textPrimary MuiButton-sizeSmall MuiButton-textSizeSmall MuiButtonBase-root  css-1knaqv7-MuiButtonBase-root-MuiButton-root"
              disabled={false}
              onBlur={[Function]}
              onClick={[Function]}
              onContextMenu={[Function]}
              onDragLeave={[Function]}
              onFocus={[Function]}
              onKeyDown={[Function]}
              onKeyUp={[Function]}
              onMouseDown={[Function]}
              onMouseLeave={[Function]}
              onMouseUp={[Function]}
              onTouchEnd={[Function]}
              onTouchMove={[Function]}
              onTouchStart={[Function]}
              tabIndex={0}
              type="button"
            >
              View All The Cars From Rolls-Royce
              <svg
                aria-hidden={true}
                className="MuiSvgIcon-root MuiSvgIcon-fontSizeLarge css-mevtxu-MuiSvgIcon-root"
                data-testid="NavigateNextIcon"
                focusable="false"
                viewBox="0 0 24 24"
              >
                <path
                  d="M10 6 8.59 7.41 13.17 12l-4.58 4.59L10 18l6-6z"
                />
              </svg>
            </button>
          </div>
        </div>
      </div>
    </div>
  </div>
</main>
`;
